// Jest Snapshot v1, https://goo.gl/fbAQLP

exports[`renders correctly 1`] = `
<Modal
  animationType="slide"
  hardwareAccelerated={false}
  onRequestClose={[MockFunction]}
  transparent={true}
  visible={true}
>
  <View
    style={
      {
        "alignItems": "center",
        "backgroundColor": "rgba(0, 0, 0, 0.7)",
        "flex": 1,
        "justifyContent": "center",
      }
    }
  >
    <View
      style={
        {
          "backgroundColor": "white",
          "borderRadius": 10,
          "height": "90%",
          "padding": 20,
          "width": "90%",
        }
      }
    >
      <Text
        style={
          {
            "fontSize": 24,
            "fontWeight": "bold",
            "marginBottom": 20,
            "textAlign": "center",
          }
        }
      >
        Reading Bluetooth Data
      </Text>
      <View>
        <Text
          style={
            {
              "backgroundColor": "#999",
              "borderBottomWidth": 0,
              "borderTopLeftRadius": 4,
              "borderTopRightRadius": 4,
              "borderWidth": 1,
              "color": "#fff",
              "fontWeight": "bold",
              "padding": 2,
              "textAlign": "center",
            }
          }
        >
          Device
        </Text>
        <View
          style={
            {
              "borderWidth": 1,
              "marginBottom": 20,
              "padding": 12,
            }
          }
        >
          <View>
            <Text
              style={
                {
                  "fontSize": 16,
                }
              }
            >
              JBL Flip
            </Text>
            <Text
              style={
                {
                  "color": "#666",
                  "fontWeight": "bold",
                }
              }
            >
              62:64:0D:5F:87:9C
            </Text>
          </View>
        </View>
      </View>
      <Text
        style={
          {
            "marginBottom": 10,
          }
        }
      >
        Found 
        3
         readable data elements ("characteristics").
      </Text>
      <RCTScrollView
        data={
          [
            {
              "characteristicID": "2a00",
              "readingState": {
                "status": "reading",
              },
              "serviceID": "1800",
            },
            {
              "characteristicID": "2a01",
              "readingState": {
                "data": "aVBob25l",
                "status": "success",
              },
              "serviceID": "1800",
            },
            {
              "characteristicID": "c6b2f38c-23ab-46d8-a6ab-a3a870bbd5d7",
              "readingState": {
                "error": "Error reading c6b2f38c-23ab-46d8-a6ab-a3a870bbd5d7 status=137",
                "status": "error",
              },
              "serviceID": "89d3502b-0f36-433a-8ef4-c502ad55f8dc",
            },
          ]
        }
        getItem={[Function]}
        getItemCount={[Function]}
        keyExtractor={[Function]}
        onContentSizeChange={[Function]}
        onLayout={[Function]}
        onMomentumScrollBegin={[Function]}
        onMomentumScrollEnd={[Function]}
        onScroll={[Function]}
        onScrollBeginDrag={[Function]}
        onScrollEndDrag={[Function]}
        removeClippedSubviews={false}
        renderItem={[Function]}
        scrollEventThrottle={0.0001}
        stickyHeaderIndices={[]}
        style={
          {
            "borderRadius": 5,
            "borderWidth": 1,
            "marginBottom": 20,
            "minHeight": "10%",
            "padding": 5,
            "paddingBottom": 100,
          }
        }
        viewabilityConfigCallbackPairs={[]}
      >
        <View>
          <View
            onFocusCapture={[Function]}
            onLayout={[Function]}
            style={null}
          >
            <View
              style={
                {
                  "borderColor": "#ccc",
                  "borderRadius": 5,
                  "borderWidth": 1,
                  "marginBottom": 10,
                  "padding": 10,
                }
              }
            >
              <Text>
                <Text
                  style={
                    {
                      "fontWeight": "bold",
                    }
                  }
                >
                  ServiceID: 
                </Text>
                1800
              </Text>
              <Text
                style={
                  {
                    "marginBottom": 5,
                  }
                }
              >
                <Text
                  style={
                    {
                      "fontWeight": "bold",
                    }
                  }
                >
                  CharacteristicID: 
                </Text>
                2a00
              </Text>
              <Text>
                Reading Data ...
              </Text>
            </View>
          </View>
          <View
            onFocusCapture={[Function]}
            onLayout={[Function]}
            style={null}
          >
            <View
              style={
                {
                  "borderColor": "#ccc",
                  "borderRadius": 5,
                  "borderWidth": 1,
                  "marginBottom": 10,
                  "padding": 10,
                }
              }
            >
              <Text>
                <Text
                  style={
                    {
                      "fontWeight": "bold",
                    }
                  }
                >
                  ServiceID: 
                </Text>
                1800
              </Text>
              <Text
                style={
                  {
                    "marginBottom": 5,
                  }
                }
              >
                <Text
                  style={
                    {
                      "fontWeight": "bold",
                    }
                  }
                >
                  CharacteristicID: 
                </Text>
                2a01
              </Text>
              <Text>
                Read Data: 
                aVBob25l
              </Text>
            </View>
          </View>
          <View
            onFocusCapture={[Function]}
            onLayout={[Function]}
            style={null}
          >
            <View
              style={
                {
                  "borderColor": "#ccc",
                  "borderRadius": 5,
                  "borderWidth": 1,
                  "marginBottom": 10,
                  "padding": 10,
                }
              }
            >
              <Text>
                <Text
                  style={
                    {
                      "fontWeight": "bold",
                    }
                  }
                >
                  ServiceID: 
                </Text>
                89d3502b-0f36-433a-8ef4-c502ad55f8dc
              </Text>
              <Text
                style={
                  {
                    "marginBottom": 5,
                  }
                }
              >
                <Text
                  style={
                    {
                      "fontWeight": "bold",
                    }
                  }
                >
                  CharacteristicID: 
                </Text>
                c6b2f38c-23ab-46d8-a6ab-a3a870bbd5d7
              </Text>
              <Text>
                Error: 
                Error reading c6b2f38c-23ab-46d8-a6ab-a3a870bbd5d7 status=137
              </Text>
            </View>
          </View>
        </View>
      </RCTScrollView>
      <View
        accessibilityRole="button"
        accessibilityState={
          {
            "busy": undefined,
            "checked": undefined,
            "disabled": undefined,
            "expanded": undefined,
            "selected": undefined,
          }
        }
        accessibilityValue={
          {
            "max": undefined,
            "min": undefined,
            "now": undefined,
            "text": undefined,
          }
        }
        accessible={true}
        collapsable={false}
        focusable={true}
        onClick={[Function]}
        onResponderGrant={[Function]}
        onResponderMove={[Function]}
        onResponderRelease={[Function]}
        onResponderTerminate={[Function]}
        onResponderTerminationRequest={[Function]}
        onStartShouldSetResponder={[Function]}
        style={
          {
            "opacity": 1,
          }
        }
      >
        <View
          style={
            [
              {},
            ]
          }
        >
          <Text
            style={
              [
                {
                  "color": "#007AFF",
                  "fontSize": 18,
                  "margin": 8,
                  "textAlign": "center",
                },
              ]
            }
          >
            Done
          </Text>
        </View>
      </View>
    </View>
  </View>
</Modal>
`;
